// Jest Snapshot v1, https://goo.gl/fbAQLP

exports[`MapPageComponent (Map.web.tsx) Radius mode and markers rendering matches snapshot in radius mode with circle 1`] = `
<View
  style={
    {
      "backgroundColor": "#f9f8f6",
      "borderRadius": 16,
      "flex": 1,
      "height": "100%",
      "overflow": "hidden",
      "position": "relative",
      "width": "100%",
    }
  }
  testID="map-leaflet-wrapper"
>
  <img
    alt=""
    aria-hidden="true"
    src="data:image/svg+xml;utf8,%3Csvg%20xmlns%3D%22http%3A%2F%2Fwww.w3.org%2F2000%2Fsvg%22%20width%3D%221200%22%20height%3D%22900%22%20viewBox%3D%220%200%201200%20900%22%3E%3Cdefs%3E%3ClinearGradient%20id%3D%22g%22%20x1%3D%220%22%20y1%3D%220%22%20x2%3D%221%22%20y2%3D%220%22%3E%3Cstop%20offset%3D%220%22%20stop-color%3D%22rgba(0%2C0%2C0%2C0.12)%22%20%2F%3E%3Cstop%20offset%3D%220.5%22%20stop-color%3D%22rgba(0%2C0%2C0%2C0.18)%22%20%2F%3E%3Cstop%20offset%3D%221%22%20stop-color%3D%22rgba(0%2C0%2C0%2C0.12)%22%20%2F%3E%3C%2FlinearGradient%3E%3C%2Fdefs%3E%3Crect%20width%3D%221200%22%20height%3D%22900%22%20rx%3D%2224%22%20fill%3D%22url(%2523g)%22%20%2F%3E%3Ctext%20x%3D%2260%22%20y%3D%22120%22%20font-family%3D%22system-ui%2C-apple-system%2CBlinkMacSystemFont%2CSegoe%20UI%2CRoboto%22%20font-size%3D%2228%22%20font-weight%3D%22700%22%20fill%3D%22rgba(0%2C0%2C0%2C0.55)%22%3E%D0%97%D0%B0%D0%B3%D1%80%D1%83%D0%B6%D0%B0%D0%B5%D0%BC%20%D0%BA%D0%B0%D1%80%D1%82%D1%83%E2%80%A6%3C%2Ftext%3E%3C%2Fsvg%3E"
    style={
      {
        "height": "100%",
        "inset": 0,
        "objectFit": "cover",
        "opacity": 0.18,
        "pointerEvents": "none",
        "position": "absolute",
        "width": "100%",
        "zIndex": 0,
      }
    }
  />
  <style>
    
          /* Leaflet core layout: ensure panes/tiles are positioned correctly.
             Without these rules, tiles can render as "islands" even if they load successfully. */
          .leaflet-container {
            position: relative;
            overflow: hidden !important;
            outline: 0;
          }

          .leaflet-container img.leaflet-tile {
            max-width: none !important;
          }

          .leaflet-pane,
          .leaflet-map-pane,
          .leaflet-tile-pane,
          .leaflet-overlay-pane,
          .leaflet-shadow-pane,
          .leaflet-marker-pane,
          .leaflet-tooltip-pane,
          .leaflet-popup-pane {
            position: absolute !important;
            top: 0;
            left: 0;
          }

          .leaflet-tile {
            position: absolute !important;
            width: 256px;
            height: 256px;
            opacity: 0;
          }

          .leaflet-tile.leaflet-tile-loaded {
            opacity: 1;
          }

          /* Mobile: ensure Leaflet receives touch drag gestures instead of page scroll */
          .leaflet-container {
            touch-action: none;
            -ms-touch-action: none;
            overscroll-behavior: none;
          }

          .leaflet-popup-content-wrapper {
            background: #ffffff !important;
            border: 1px solid rgba(58, 58, 58, 0.06) !important;
            border-radius: 20px !important;
            box-shadow: 0 12px 30px rgba(0, 0, 0, 0.12), 0 4px 10px rgba(0, 0, 0, 0.08) !important;
            padding: 0 !important;
            max-height: calc(100vh - 200px);
            overflow: hidden;
            -webkit-overflow-scrolling: touch;
          }

          .leaflet-popup-tip {
            background: #ffffff !important;
            border: 1px solid rgba(58, 58, 58, 0.06) !important;
            box-shadow: 0 6px 16px rgba(0, 0, 0, 0.12) !important;
          }

          .leaflet-popup-content {
            box-sizing: border-box;
            margin: 0 !important;
            padding: 16px !important;
            width: min(380px, calc(100vw - 48px)) !important;
            max-height: calc(100vh - 220px);
            overflow-y: auto;
            -webkit-overflow-scrolling: touch;
          }

          .leaflet-popup-close-button {
            display: inline-flex !important;
            align-items: center !important;
            justify-content: center !important;
            width: 28px !important;
            height: 28px !important;
            line-height: 26px !important;
            position: absolute !important;
            top: 8px !important;
            right: 8px !important;
            margin: 0 !important;
            border-radius: 999px !important;
            border: 1px solid rgba(58, 58, 58, 0.06) !important;
            background: #ffffff !important;
            color: #6a6a6a !important;
            font-size: 18px !important;
            z-index: 2 !important;
          }

          .leaflet-popup-close-button:hover {
            color: #3a3a3a !important;
            background: #f9f8f6 !important;
          }

          @media (max-width: 640px) {
            .leaflet-popup-content-wrapper {
              max-height: calc(100vh - 150px);
            }
            .leaflet-popup-content {
              max-height: calc(100vh - 170px);
            }
          }

          html[data-theme='dark'] .leaflet-popup-content-wrapper,
          html[data-theme='dark'] .leaflet-popup-tip {
            background: #ffffff !important;
            opacity: 1 !important;
          }

          html[data-theme='dark'] .leaflet-popup-content-wrapper {
            color: #3a3a3a !important;
            border-radius: 20px !important;
            box-shadow: 0 10px 40px rgba(0, 0, 0, 0.25), 0 2px 8px rgba(0, 0, 0, 0.15) !important;
            border: 1px solid rgba(58, 58, 58, 0.06) !important;
          }

          html[data-theme='dark'] .leaflet-popup-content {
            margin: 16px !important;
            color: #3a3a3a !important;
          }

          html[data-theme='dark'] .leaflet-popup-close-button {
            display: block !important;
            width: 28px !important;
            height: 28px !important;
            line-height: 26px !important;
            text-align: center !important;
            border-radius: 999px !important;
            border: 1px solid rgba(58, 58, 58, 0.06) !important;
            background: #ffffff !important;
            color: #6a6a6a !important;
            font-size: 18px !important;
            transition: all 0.2s !important;
          }

          html[data-theme='dark'] .leaflet-popup-close-button:hover {
            color: #3a3a3a !important;
            background: #f9f8f6 !important;
            transform: scale(1.05) !important;
          }
          
  </style>
  <View
    center={
      [
        53.9,
        27.5667,
      ]
    }
    data-testid="map-leaflet-container"
    id="test-map-container"
    style={
      {
        "flex": 1,
        "height": "100%",
        "minHeight": 300,
        "position": "relative",
        "width": "100%",
        "zIndex": 1,
      }
    }
    testID="map-container"
    zoom={11}
    zoomControl={false}
  >
    <View
      attribution="© OpenStreetMap contributors"
      testID="tile-layer"
      url="https://{s}.tile.openstreetmap.org/{z}/{x}/{y}.png"
    />
    <View
      center={
        [
          53.9,
          27.5667,
        ]
      }
      pathOptions={
        {
          "color": "#7a9d8f",
          "dashArray": "6 6",
          "fillColor": "#7a9d8f",
          "fillOpacity": 0.08,
          "weight": 2,
        }
      }
      radius={60000}
      testID="circle"
    />
    <View
      data-icon-class="user-location-marker"
      icon={
        {
          "options": {
            "className": "user-location-marker",
          },
        }
      }
      position={
        [
          53.9,
          27.5667,
        ]
      }
      testID="marker"
    >
      <View
        testID="popup"
      >
        Ваше местоположение
      </View>
    </View>
  </View>
  <View
    accessibilityLabel="Вернуться к моему местоположению"
    accessibilityRole="button"
    accessible={true}
    aria-label="Вернуться к моему местоположению"
    onClick={[Function]}
    onPress={[Function]}
    role="button"
  />
</View>
`;
